exports[`<FeedPane /> renders correctly 1`] = `
<div
  className="well">
  <ul
    style={
      Object {
        "listStyle": "none",
      }
    }>
    <li>
      Airplane killed Donnie
    </li>
    <li>
      Donnie killed Frank
    </li>
  </ul>
</div>
`;
