exports[`<Join /> renders correctly 1`] = `
<div
  className="centered">
  <div
    className="page-header">
    <h1>
       Join Game 
    </h1>
  </div>
  <form>
    <div
      className="form-group">
      <label
        className="control-label"
        htmlFor={undefined}>
        Name
      </label>
      <input
        className="form-control"
        id={undefined}
        onChange={[Function]}
        type={undefined} />
    </div>
    <div
      className="form-group">
      <label
        className="control-label"
        htmlFor={undefined}>
        Room
      </label>
      <input
        className="form-control"
        id={undefined}
        onChange={[Function]}
        type={undefined} />
    </div>
    <button
      className="btn btn-primary"
      disabled={false}
      onClick={[Function]}
      type="button">
      Join
    </button>
  </form>
</div>
`;
