exports[`<NavScreen /> renders correctly 1`] = `null`;
