exports[`<App /> renders correctly 1`] = `
<h1>
  Hello World!
</h1>
`;
